Godot Engine v4.3.stable.official.77dcf97d8 - https://godotengine.org

ERROR: Attempt to open script 'res://addons/gut/gut_cmdln.gd' resulted in error 'File not found'.
   at: load_source_code (modules/gdscript/gdscript.cpp:1094)
ERROR: Failed loading resource: res://addons/gut/gut_cmdln.gd. Make sure resources have been imported by opening the project in the editor at least once.
   at: _load (core/io/resource_loader.cpp:283)
ERROR: Can't load script: res://addons/gut/gut_cmdln.gd
   at: start (main/main.cpp:3530)
